[debug] [2025-09-03T09:02:24.908Z] ----------------------------------------------------------------------
[debug] [2025-09-03T09:02:24.911Z] Command:       C:\Program Files\nodejs\node.exe C:\Users\CMES_PC\AppData\Roaming\npm\node_modules\firebase-tools\lib\bin\firebase.js init
[debug] [2025-09-03T09:02:24.911Z] CLI Version:   14.15.1
[debug] [2025-09-03T09:02:24.911Z] Platform:      win32
[debug] [2025-09-03T09:02:24.911Z] Node Version:  v22.17.0
[debug] [2025-09-03T09:02:24.911Z] Time:          Wed Sep 03 2025 18:02:24 GMT+0900 (대한민국 표준시)
[debug] [2025-09-03T09:02:24.911Z] ----------------------------------------------------------------------
[debug] 
[debug] [2025-09-03T09:02:25.049Z] > command requires scopes: ["email","openid","https://www.googleapis.com/auth/cloudplatformprojects.readonly","https://www.googleapis.com/auth/firebase","https://www.googleapis.com/auth/cloud-platform"]
[debug] [2025-09-03T09:02:25.049Z] > authorizing via signed-in user (hyungsuk0315@gmail.com)
[info] 
     ######## #### ########  ######## ########     ###     ######  ########
     ##        ##  ##     ## ##       ##     ##  ##   ##  ##       ##
     ######    ##  ########  ######   ########  #########  ######  ######
     ##        ##  ##    ##  ##       ##     ## ##     ##       ## ##
     ##       #### ##     ## ######## ########  ##     ##  ######  ########

You're about to initialize a Firebase project in this directory:

  C:\workspace\lalab\convention_admin

Before we get started, keep in mind:

  * You are currently outside your home directory
  * You are initializing within an existing Firebase project directory

[debug] [2025-09-03T09:48:18.490Z] ----------------------------------------------------------------------
[debug] [2025-09-03T09:48:18.492Z] Command:       C:\Program Files\nodejs\node.exe C:\Users\CMES_PC\AppData\Roaming\npm\node_modules\firebase-tools\lib\bin\firebase.js init
[debug] [2025-09-03T09:48:18.493Z] CLI Version:   14.15.1
[debug] [2025-09-03T09:48:18.493Z] Platform:      win32
[debug] [2025-09-03T09:48:18.493Z] Node Version:  v22.17.0
[debug] [2025-09-03T09:48:18.493Z] Time:          Wed Sep 03 2025 18:48:18 GMT+0900 (대한민국 표준시)
[debug] [2025-09-03T09:48:18.493Z] ----------------------------------------------------------------------
[debug] 
[debug] [2025-09-03T09:48:18.632Z] > command requires scopes: ["email","openid","https://www.googleapis.com/auth/cloudplatformprojects.readonly","https://www.googleapis.com/auth/firebase","https://www.googleapis.com/auth/cloud-platform"]
[debug] [2025-09-03T09:48:18.633Z] > authorizing via signed-in user (hyungsuk0315@gmail.com)
[info] 
     ######## #### ########  ######## ########     ###     ######  ########
     ##        ##  ##     ## ##       ##     ##  ##   ##  ##       ##
     ######    ##  ########  ######   ########  #########  ######  ######
     ##        ##  ##    ##  ##       ##     ## ##     ##       ## ##
     ##       #### ##     ## ######## ########  ##     ##  ######  ########

You're about to initialize a Firebase project in this directory:

  C:\workspace\lalab\convention_admin

Before we get started, keep in mind:

  * You are currently outside your home directory
  * You are initializing within an existing Firebase project directory

